Component: ARM Compiler 6.13.1 Tool: armlink [5d895400]

==============================================================================

Section Cross References

    app.o(.text.Init_Drivers) refers to dio_pbcfg.o(.rodata.Dio_Configuration) for Dio_Configuration
    app.o(.text.Init_Drivers) refers to dio.o(.text.Dio_Init) for Dio_Init
    app.o(.text.Init_Drivers) refers to port_lcfg.o(.rodata.Port_ConfigPtr) for Port_ConfigPtr
    app.o(.text.Init_Drivers) refers to port.o(.text.Port_Init) for Port_Init
    app.o(.text.Init_Drivers) refers to gpt_lcfg.o(.rodata.Gpt_ConfigPtr) for Gpt_ConfigPtr
    app.o(.text.Init_Drivers) refers to gptm.o(.text.Gpt_init) for Gpt_init
    app.o(.text.Init_Drivers) refers to gptm.o(.text.Gpt_EnableNotification) for Gpt_EnableNotification
    app.o(.text.Init_Drivers) refers to gptm.o(.text.Gpt_StartTimer) for Gpt_StartTimer
    app.o(.text.Init_Drivers) refers to intctrl_lcfg.o(.rodata.IntCtrl_ConfigPtr) for IntCtrl_ConfigPtr
    app.o(.text.Init_Drivers) refers to intctrl.o(.text.IntCtrl_init) for IntCtrl_init
    app.o(.ARM.exidx.text.Init_Drivers) refers to app.o(.text.Init_Drivers) for [Anonymous Symbol]
    app.o(.text.Timer0A_ISR) refers to app.o(.bss.TICKS) for TICKS
    app.o(.ARM.exidx.text.Timer0A_ISR) refers to app.o(.text.Timer0A_ISR) for [Anonymous Symbol]
    app.o(.ARM.exidx.text.Time_Sec) refers to app.o(.text.Time_Sec) for [Anonymous Symbol]
    app.o(.text.App_Start) refers to app.o(.bss.LedState) for LedState
    app.o(.text.App_Start) refers to app.o(.bss.TICKS) for TICKS
    app.o(.text.App_Start) refers to app.o(.text.Time_Sec) for Time_Sec
    app.o(.text.App_Start) refers to led.o(.text.LED_OFF) for LED_OFF
    app.o(.text.App_Start) refers to led.o(.text.LED_ON) for LED_ON
    app.o(.ARM.exidx.text.App_Start) refers to app.o(.text.App_Start) for [Anonymous Symbol]
    led.o(.text.LED_ON) refers to dio.o(.text.Dio_WriteChannel) for Dio_WriteChannel
    led.o(.ARM.exidx.text.LED_ON) refers to led.o(.text.LED_ON) for [Anonymous Symbol]
    led.o(.text.LED_OFF) refers to dio.o(.text.Dio_WriteChannel) for Dio_WriteChannel
    led.o(.ARM.exidx.text.LED_OFF) refers to led.o(.text.LED_OFF) for [Anonymous Symbol]
    main.o(.text.main) refers to app.o(.text.Init_Drivers) for Init_Drivers
    main.o(.text.main) refers to app.o(.text.App_Start) for App_Start
    main.o(.ARM.exidx.text.main) refers to main.o(.text.main) for [Anonymous Symbol]
    dio.o(.text.Dio_Init) refers to dio.o(.bss.Dio_Status) for Dio_Status
    dio.o(.text.Dio_Init) refers to dio.o(.bss.Dio_PortChannels) for Dio_PortChannels
    dio.o(.ARM.exidx.text.Dio_Init) refers to dio.o(.text.Dio_Init) for [Anonymous Symbol]
    dio.o(.text.Dio_ReadChannel) refers to dio.o(.bss.Dio_PortChannels) for Dio_PortChannels
    dio.o(.ARM.exidx.text.Dio_ReadChannel) refers to dio.o(.text.Dio_ReadChannel) for [Anonymous Symbol]
    dio.o(.text.Dio_WriteChannel) refers to dio.o(.bss.Dio_PortChannels) for Dio_PortChannels
    dio.o(.ARM.exidx.text.Dio_WriteChannel) refers to dio.o(.text.Dio_WriteChannel) for [Anonymous Symbol]
    dio.o(.text.Dio_FlipChannel) refers to dio.o(.bss.Dio_PortChannels) for Dio_PortChannels
    dio.o(.ARM.exidx.text.Dio_FlipChannel) refers to dio.o(.text.Dio_FlipChannel) for [Anonymous Symbol]
    dio.o(.text.Dio_ReadPort) refers to dio.o(.bss.Dio_Ports) for Dio_Ports
    dio.o(.ARM.exidx.text.Dio_ReadPort) refers to dio.o(.text.Dio_ReadPort) for [Anonymous Symbol]
    dio.o(.text.Dio_WritePort) refers to dio.o(.bss.Dio_Ports) for Dio_Ports
    dio.o(.ARM.exidx.text.Dio_WritePort) refers to dio.o(.text.Dio_WritePort) for [Anonymous Symbol]
    gptm.o(.text.Gpt_init) refers to gptm.o(.bss.Gpt_Status) for Gpt_Status
    gptm.o(.text.Gpt_init) refers to gptm.o(.bss.Gpt_Configuration) for Gpt_Configuration
    gptm.o(.text.Gpt_init) refers to gptm.o(.bss.GptNotification) for GptNotification
    gptm.o(.text.Gpt_init) refers to gptm.o(.text.Gpt_DisableNotification) for Gpt_DisableNotification
    gptm.o(.ARM.exidx.text.Gpt_init) refers to gptm.o(.text.Gpt_init) for [Anonymous Symbol]
    gptm.o(.text.Gpt_DisableNotification) refers to gptm.o(.bss.Gpt_Configuration) for Gpt_Configuration
    gptm.o(.ARM.exidx.text.Gpt_DisableNotification) refers to gptm.o(.text.Gpt_DisableNotification) for [Anonymous Symbol]
    gptm.o(.text.Gpt_EnableNotification) refers to gptm.o(.bss.Gpt_Configuration) for Gpt_Configuration
    gptm.o(.ARM.exidx.text.Gpt_EnableNotification) refers to gptm.o(.text.Gpt_EnableNotification) for [Anonymous Symbol]
    gptm.o(.text.Gpt_StartTimer) refers to gptm.o(.bss.Gpt_Configuration) for Gpt_Configuration
    gptm.o(.text.Gpt_StartTimer) refers to gptm.o(.text.Gpt_EnableNotification) for Gpt_EnableNotification
    gptm.o(.ARM.exidx.text.Gpt_StartTimer) refers to gptm.o(.text.Gpt_StartTimer) for [Anonymous Symbol]
    gptm.o(.text.Gpt_StopTimer) refers to gptm.o(.bss.Gpt_Configuration) for Gpt_Configuration
    gptm.o(.text.Gpt_StopTimer) refers to gptm.o(.text.Gpt_DisableNotification) for Gpt_DisableNotification
    gptm.o(.ARM.exidx.text.Gpt_StopTimer) refers to gptm.o(.text.Gpt_StopTimer) for [Anonymous Symbol]
    gptm.o(.text.Gpt_GetTimerElapsed) refers to gptm.o(.bss.Gpt_Configuration) for Gpt_Configuration
    gptm.o(.ARM.exidx.text.Gpt_GetTimerElapsed) refers to gptm.o(.text.Gpt_GetTimerElapsed) for [Anonymous Symbol]
    gptm.o(.text.Gpt_TimerRemaining) refers to gptm.o(.bss.Gpt_Configuration) for Gpt_Configuration
    gptm.o(.ARM.exidx.text.Gpt_TimerRemaining) refers to gptm.o(.text.Gpt_TimerRemaining) for [Anonymous Symbol]
    gptm.o(.text.TIMER0A_Handler) refers to gptm.o(.bss.GptNotification) for GptNotification
    gptm.o(.ARM.exidx.text.TIMER0A_Handler) refers to gptm.o(.text.TIMER0A_Handler) for [Anonymous Symbol]
    gptm.o(.text.TIMER1A_Handler) refers to gptm.o(.bss.GptNotification) for GptNotification
    gptm.o(.ARM.exidx.text.TIMER1A_Handler) refers to gptm.o(.text.TIMER1A_Handler) for [Anonymous Symbol]
    gptm.o(.text.TIMER2A_Handler) refers to gptm.o(.bss.GptNotification) for GptNotification
    gptm.o(.ARM.exidx.text.TIMER2A_Handler) refers to gptm.o(.text.TIMER2A_Handler) for [Anonymous Symbol]
    intctrl.o(.text.IntCtrl_init) refers to intctrl.o(.bss.IntCtrl_Status) for IntCtrl_Status
    intctrl.o(.text.IntCtrl_init) refers to intctrl.o(.bss.IntCtrl_Configuration) for IntCtrl_Configuration
    intctrl.o(.ARM.exidx.text.IntCtrl_init) refers to intctrl.o(.text.IntCtrl_init) for [Anonymous Symbol]
    port.o(.text.Port_Init) refers to port.o(.bss.Port_Status) for Port_Status
    port.o(.text.Port_Init) refers to port.o(.bss.Port_Configuration) for Port_Configuration
    port.o(.ARM.exidx.text.Port_Init) refers to port.o(.text.Port_Init) for [Anonymous Symbol]
    gpt_lcfg.o(.rodata.Gpt_ConfigPtr) refers to app.o(.text.Timer0A_ISR) for Timer0A_ISR
    startup_tm4c123.o(STACK) refers (Special) to heapauxi.o(.text) for __use_two_region_memory
    startup_tm4c123.o(HEAP) refers (Special) to heapauxi.o(.text) for __use_two_region_memory
    startup_tm4c123.o(RESET) refers (Special) to heapauxi.o(.text) for __use_two_region_memory
    startup_tm4c123.o(RESET) refers to startup_tm4c123.o(STACK) for __initial_sp
    startup_tm4c123.o(RESET) refers to startup_tm4c123.o(.text) for Reset_Handler
    startup_tm4c123.o(RESET) refers to gptm.o(.text.TIMER0A_Handler) for TIMER0A_Handler
    startup_tm4c123.o(RESET) refers to gptm.o(.text.TIMER1A_Handler) for TIMER1A_Handler
    startup_tm4c123.o(RESET) refers to gptm.o(.text.TIMER2A_Handler) for TIMER2A_Handler
    startup_tm4c123.o(.text) refers (Special) to heapauxi.o(.text) for __use_two_region_memory
    startup_tm4c123.o(.text) refers to system_tm4c123.o(.text.SystemInit) for SystemInit
    startup_tm4c123.o(.text) refers to __main.o(!!!main) for __main
    startup_tm4c123.o(.text) refers to startup_tm4c123.o(HEAP) for Heap_Mem
    startup_tm4c123.o(.text) refers to startup_tm4c123.o(STACK) for Stack_Mem
    system_tm4c123.o(.text.SystemCoreClockUpdate) refers to system_tm4c123.o(.text.getOscClk) for getOscClk
    system_tm4c123.o(.text.SystemCoreClockUpdate) refers to system_tm4c123.o(.data.SystemCoreClock) for SystemCoreClock
    system_tm4c123.o(.ARM.exidx.text.SystemCoreClockUpdate) refers to system_tm4c123.o(.text.SystemCoreClockUpdate) for [Anonymous Symbol]
    system_tm4c123.o(.ARM.exidx.text.getOscClk) refers to system_tm4c123.o(.text.getOscClk) for [Anonymous Symbol]
    system_tm4c123.o(.ARM.exidx.text.SystemInit) refers to system_tm4c123.o(.text.SystemInit) for [Anonymous Symbol]
    __main.o(!!!main) refers to __rtentry.o(.ARM.Collect$$rtentry$$00000000) for __rt_entry
    __rtentry.o(.ARM.Collect$$rtentry$$00000000) refers (Special) to __rtentry2.o(.ARM.Collect$$rtentry$$0000000A) for __rt_entry_li
    __rtentry.o(.ARM.Collect$$rtentry$$00000000) refers (Special) to __rtentry2.o(.ARM.Collect$$rtentry$$0000000D) for __rt_entry_main
    __rtentry.o(.ARM.Collect$$rtentry$$00000000) refers (Special) to __rtentry2.o(.ARM.Collect$$rtentry$$0000000C) for __rt_entry_postli_1
    __rtentry.o(.ARM.Collect$$rtentry$$00000000) refers (Special) to __rtentry2.o(.ARM.Collect$$rtentry$$00000009) for __rt_entry_postsh_1
    __rtentry.o(.ARM.Collect$$rtentry$$00000000) refers (Special) to __rtentry2.o(.ARM.Collect$$rtentry$$00000002) for __rt_entry_presh_1
    __rtentry.o(.ARM.Collect$$rtentry$$00000000) refers (Special) to __rtentry4.o(.ARM.Collect$$rtentry$$00000004) for __rt_entry_sh
    __rtentry2.o(.ARM.Collect$$rtentry$$00000008) refers to boardinit2.o(.text) for _platform_post_stackheap_init
    __rtentry2.o(.ARM.Collect$$rtentry$$0000000A) refers to libinit.o(.ARM.Collect$$libinit$$00000000) for __rt_lib_init
    __rtentry2.o(.ARM.Collect$$rtentry$$0000000B) refers to boardinit3.o(.text) for _platform_post_lib_init
    __rtentry2.o(.ARM.Collect$$rtentry$$0000000D) refers to main.o(.text.main) for main
    __rtentry2.o(.ARM.Collect$$rtentry$$0000000D) refers to exit.o(.text) for exit
    __rtentry2.o(.ARM.exidx) refers to __rtentry2.o(.ARM.Collect$$rtentry$$00000001) for .ARM.Collect$$rtentry$$00000001
    __rtentry2.o(.ARM.exidx) refers to __rtentry2.o(.ARM.Collect$$rtentry$$00000008) for .ARM.Collect$$rtentry$$00000008
    __rtentry2.o(.ARM.exidx) refers to __rtentry2.o(.ARM.Collect$$rtentry$$0000000A) for .ARM.Collect$$rtentry$$0000000A
    __rtentry2.o(.ARM.exidx) refers to __rtentry2.o(.ARM.Collect$$rtentry$$0000000B) for .ARM.Collect$$rtentry$$0000000B
    __rtentry2.o(.ARM.exidx) refers to __rtentry2.o(.ARM.Collect$$rtentry$$0000000D) for .ARM.Collect$$rtentry$$0000000D
    __rtentry4.o(.ARM.Collect$$rtentry$$00000004) refers to sys_stackheap_outer.o(.text) for __user_setup_stackheap
    __rtentry4.o(.ARM.exidx) refers to __rtentry4.o(.ARM.Collect$$rtentry$$00000004) for .ARM.Collect$$rtentry$$00000004
    sys_stackheap_outer.o(.text) refers to libspace.o(.text) for __user_perproc_libspace
    sys_stackheap_outer.o(.text) refers to startup_tm4c123.o(.text) for __user_initial_stackheap
    exit.o(.text) refers to rtexit.o(.ARM.Collect$$rtexit$$00000000) for __rt_exit
    libinit.o(.ARM.Collect$$libinit$$00000000) refers (Special) to libinit2.o(.ARM.Collect$$libinit$$0000002E) for __rt_lib_init_alloca_1
    libinit.o(.ARM.Collect$$libinit$$00000000) refers (Special) to libinit2.o(.ARM.Collect$$libinit$$00000027) for __rt_lib_init_argv_1
    libinit.o(.ARM.Collect$$libinit$$00000000) refers (Special) to libinit2.o(.ARM.Collect$$libinit$$0000001B) for __rt_lib_init_atexit_1
    libinit.o(.ARM.Collect$$libinit$$00000000) refers (Special) to libinit2.o(.ARM.Collect$$libinit$$00000021) for __rt_lib_init_clock_1
    libinit.o(.ARM.Collect$$libinit$$00000000) refers (Special) to libinit2.o(.ARM.Collect$$libinit$$00000032) for __rt_lib_init_cpp_1
    libinit.o(.ARM.Collect$$libinit$$00000000) refers (Special) to libinit2.o(.ARM.Collect$$libinit$$00000030) for __rt_lib_init_exceptions_1
    libinit.o(.ARM.Collect$$libinit$$00000000) refers (Special) to libinit2.o(.ARM.Collect$$libinit$$00000001) for __rt_lib_init_fp_1
    libinit.o(.ARM.Collect$$libinit$$00000000) refers (Special) to libinit2.o(.ARM.Collect$$libinit$$0000001F) for __rt_lib_init_fp_trap_1
    libinit.o(.ARM.Collect$$libinit$$00000000) refers (Special) to libinit2.o(.ARM.Collect$$libinit$$00000023) for __rt_lib_init_getenv_1
    libinit.o(.ARM.Collect$$libinit$$00000000) refers (Special) to libinit2.o(.ARM.Collect$$libinit$$0000000A) for __rt_lib_init_heap_1
    libinit.o(.ARM.Collect$$libinit$$00000000) refers (Special) to libinit2.o(.ARM.Collect$$libinit$$00000011) for __rt_lib_init_lc_collate_1
    libinit.o(.ARM.Collect$$libinit$$00000000) refers (Special) to libinit2.o(.ARM.Collect$$libinit$$00000013) for __rt_lib_init_lc_ctype_1
    libinit.o(.ARM.Collect$$libinit$$00000000) refers (Special) to libinit2.o(.ARM.Collect$$libinit$$00000015) for __rt_lib_init_lc_monetary_1
    libinit.o(.ARM.Collect$$libinit$$00000000) refers (Special) to libinit2.o(.ARM.Collect$$libinit$$00000017) for __rt_lib_init_lc_numeric_1
    libinit.o(.ARM.Collect$$libinit$$00000000) refers (Special) to libinit2.o(.ARM.Collect$$libinit$$00000019) for __rt_lib_init_lc_time_1
    libinit.o(.ARM.Collect$$libinit$$00000000) refers (Special) to libinit2.o(.ARM.Collect$$libinit$$00000004) for __rt_lib_init_preinit_1
    libinit.o(.ARM.Collect$$libinit$$00000000) refers (Special) to libinit2.o(.ARM.Collect$$libinit$$0000000E) for __rt_lib_init_rand_1
    libinit.o(.ARM.Collect$$libinit$$00000000) refers (Special) to libinit2.o(.ARM.Collect$$libinit$$00000033) for __rt_lib_init_return
    libinit.o(.ARM.Collect$$libinit$$00000000) refers (Special) to libinit2.o(.ARM.Collect$$libinit$$0000001D) for __rt_lib_init_signal_1
    libinit.o(.ARM.Collect$$libinit$$00000000) refers (Special) to libinit2.o(.ARM.Collect$$libinit$$00000025) for __rt_lib_init_stdio_1
    libinit.o(.ARM.Collect$$libinit$$00000000) refers (Special) to libinit2.o(.ARM.Collect$$libinit$$0000000C) for __rt_lib_init_user_alloc_1
    libspace.o(.text) refers to libspace.o(.bss) for __libspace_start
    rtexit.o(.ARM.Collect$$rtexit$$00000000) refers (Special) to rtexit2.o(.ARM.Collect$$rtexit$$00000004) for __rt_exit_exit
    rtexit.o(.ARM.Collect$$rtexit$$00000000) refers (Special) to rtexit2.o(.ARM.Collect$$rtexit$$00000003) for __rt_exit_ls
    rtexit.o(.ARM.Collect$$rtexit$$00000000) refers (Special) to rtexit2.o(.ARM.Collect$$rtexit$$00000002) for __rt_exit_prels_1
    rtexit.o(.ARM.exidx) refers (Special) to rtexit2.o(.ARM.Collect$$rtexit$$00000004) for __rt_exit_exit
    rtexit.o(.ARM.exidx) refers (Special) to rtexit2.o(.ARM.Collect$$rtexit$$00000003) for __rt_exit_ls
    rtexit.o(.ARM.exidx) refers (Special) to rtexit2.o(.ARM.Collect$$rtexit$$00000002) for __rt_exit_prels_1
    rtexit.o(.ARM.exidx) refers to rtexit.o(.ARM.Collect$$rtexit$$00000000) for .ARM.Collect$$rtexit$$00000000
    libinit2.o(.ARM.Collect$$libinit$$00000001) refers to fpinit.o(x$fpl$fpinit) for _fp_init
    libinit2.o(.ARM.Collect$$libinit$$00000010) refers to libinit2.o(.ARM.Collect$$libinit$$0000000F) for .ARM.Collect$$libinit$$0000000F
    libinit2.o(.ARM.Collect$$libinit$$00000012) refers to libinit2.o(.ARM.Collect$$libinit$$0000000F) for .ARM.Collect$$libinit$$0000000F
    libinit2.o(.ARM.Collect$$libinit$$00000014) refers to libinit2.o(.ARM.Collect$$libinit$$0000000F) for .ARM.Collect$$libinit$$0000000F
    libinit2.o(.ARM.Collect$$libinit$$00000016) refers to libinit2.o(.ARM.Collect$$libinit$$0000000F) for .ARM.Collect$$libinit$$0000000F
    libinit2.o(.ARM.Collect$$libinit$$00000018) refers to libinit2.o(.ARM.Collect$$libinit$$0000000F) for .ARM.Collect$$libinit$$0000000F
    libinit2.o(.ARM.Collect$$libinit$$00000026) refers to argv_veneer.o(.emb_text) for __ARM_argv_veneer
    libinit2.o(.ARM.Collect$$libinit$$00000027) refers to argv_veneer.o(.emb_text) for __ARM_argv_veneer
    rtexit2.o(.ARM.Collect$$rtexit$$00000003) refers to libshutdown.o(.ARM.Collect$$libshutdown$$00000000) for __rt_lib_shutdown
    rtexit2.o(.ARM.Collect$$rtexit$$00000004) refers to sys_exit.o(.text) for _sys_exit
    rtexit2.o(.ARM.exidx) refers to rtexit2.o(.ARM.Collect$$rtexit$$00000001) for .ARM.Collect$$rtexit$$00000001
    rtexit2.o(.ARM.exidx) refers to rtexit2.o(.ARM.Collect$$rtexit$$00000003) for .ARM.Collect$$rtexit$$00000003
    rtexit2.o(.ARM.exidx) refers to rtexit2.o(.ARM.Collect$$rtexit$$00000004) for .ARM.Collect$$rtexit$$00000004
    argv_veneer.o(.emb_text) refers to _get_argv_nomalloc.o(.text) for __ARM_get_argv
    sys_exit.o(.text) refers (Special) to use_no_semi.o(.text) for __I$use$semihosting
    sys_exit.o(.text) refers (Special) to indicate_semi.o(.text) for __semihosting_library_function
    sys_exit_hlt.o(.text) refers (Special) to use_no_semi.o(.text) for __I$use$semihosting
    sys_exit_hlt.o(.text) refers (Special) to indicate_semi.o(.text) for __semihosting_library_function
    _get_argv_nomalloc.o(.text) refers (Special) to hrguard.o(.text) for __heap_region$guard
    _get_argv_nomalloc.o(.text) refers to defsig_rtmem_outer.o(.text) for __rt_SIGRTMEM
    _get_argv_nomalloc.o(.text) refers to sys_command.o(.text) for _sys_command_string
    libshutdown.o(.ARM.Collect$$libshutdown$$00000000) refers (Special) to libshutdown2.o(.ARM.Collect$$libshutdown$$00000002) for __rt_lib_shutdown_cpp_1
    libshutdown.o(.ARM.Collect$$libshutdown$$00000000) refers (Special) to libshutdown2.o(.ARM.Collect$$libshutdown$$00000007) for __rt_lib_shutdown_fp_trap_1
    libshutdown.o(.ARM.Collect$$libshutdown$$00000000) refers (Special) to libshutdown2.o(.ARM.Collect$$libshutdown$$0000000F) for __rt_lib_shutdown_heap_1
    libshutdown.o(.ARM.Collect$$libshutdown$$00000000) refers (Special) to libshutdown2.o(.ARM.Collect$$libshutdown$$00000010) for __rt_lib_shutdown_return
    libshutdown.o(.ARM.Collect$$libshutdown$$00000000) refers (Special) to libshutdown2.o(.ARM.Collect$$libshutdown$$0000000A) for __rt_lib_shutdown_signal_1
    libshutdown.o(.ARM.Collect$$libshutdown$$00000000) refers (Special) to libshutdown2.o(.ARM.Collect$$libshutdown$$00000004) for __rt_lib_shutdown_stdio_1
    libshutdown.o(.ARM.Collect$$libshutdown$$00000000) refers (Special) to libshutdown2.o(.ARM.Collect$$libshutdown$$0000000C) for __rt_lib_shutdown_user_alloc_1
    sys_command.o(.text) refers (Special) to use_no_semi.o(.text) for __I$use$semihosting
    sys_command.o(.text) refers (Special) to indicate_semi.o(.text) for __semihosting_library_function
    sys_command_hlt.o(.text) refers (Special) to use_no_semi.o(.text) for __I$use$semihosting
    sys_command_hlt.o(.text) refers (Special) to indicate_semi.o(.text) for __semihosting_library_function
    defsig_rtmem_outer.o(.text) refers to defsig_rtmem_inner.o(.text) for __rt_SIGRTMEM_inner
    defsig_rtmem_outer.o(.text) refers to defsig_exit.o(.text) for __sig_exit
    defsig_rtmem_formal.o(.text) refers to rt_raise.o(.text) for __rt_raise
    rt_raise.o(.text) refers to __raise.o(.text) for __raise
    rt_raise.o(.text) refers to sys_exit.o(.text) for _sys_exit
    defsig_exit.o(.text) refers to sys_exit.o(.text) for _sys_exit
    defsig_rtmem_inner.o(.text) refers to defsig_general.o(.text) for __default_signal_display
    __raise.o(.text) refers to defsig.o(CL$$defsig) for __default_signal_handler
    defsig_general.o(.text) refers to sys_wrch.o(.text) for _ttywrch
    sys_wrch.o(.text) refers (Special) to use_no_semi.o(.text) for __I$use$semihosting
    sys_wrch.o(.text) refers (Special) to indicate_semi.o(.text) for __semihosting_library_function
    sys_wrch_hlt.o(.text) refers (Special) to use_no_semi.o(.text) for __I$use$semihosting
    sys_wrch_hlt.o(.text) refers (Special) to indicate_semi.o(.text) for __semihosting_library_function
    defsig.o(CL$$defsig) refers to defsig_rtmem_inner.o(.text) for __rt_SIGRTMEM_inner
    defsig_abrt_inner.o(.text) refers to defsig_general.o(.text) for __default_signal_display
    defsig_fpe_inner.o(.text) refers to defsig_general.o(.text) for __default_signal_display
    defsig_rtred_inner.o(.text) refers to defsig_general.o(.text) for __default_signal_display
    defsig_stak_inner.o(.text) refers to defsig_general.o(.text) for __default_signal_display
    defsig_pvfn_inner.o(.text) refers to defsig_general.o(.text) for __default_signal_display
    defsig_cppl_inner.o(.text) refers to defsig_general.o(.text) for __default_signal_display
    defsig_segv_inner.o(.text) refers to defsig_general.o(.text) for __default_signal_display
    defsig_other.o(.text) refers to defsig_general.o(.text) for __default_signal_display


==============================================================================

Removing Unused input sections from the image.

    Removing app.o(.text), (0 bytes).
    Removing app.o(.ARM.exidx.text.Init_Drivers), (8 bytes).
    Removing app.o(.ARM.exidx.text.Timer0A_ISR), (8 bytes).
    Removing app.o(.ARM.exidx.text.Time_Sec), (8 bytes).
    Removing app.o(.ARM.exidx.text.App_Start), (8 bytes).
    Removing led.o(.text), (0 bytes).
    Removing led.o(.ARM.exidx.text.LED_ON), (8 bytes).
    Removing led.o(.ARM.exidx.text.LED_OFF), (8 bytes).
    Removing main.o(.text), (0 bytes).
    Removing main.o(.ARM.exidx.text.main), (8 bytes).
    Removing dio.o(.text), (0 bytes).
    Removing dio.o(.ARM.exidx.text.Dio_Init), (8 bytes).
    Removing dio.o(.text.Dio_ReadChannel), (220 bytes).
    Removing dio.o(.ARM.exidx.text.Dio_ReadChannel), (8 bytes).
    Removing dio.o(.ARM.exidx.text.Dio_WriteChannel), (8 bytes).
    Removing dio.o(.text.Dio_FlipChannel), (286 bytes).
    Removing dio.o(.ARM.exidx.text.Dio_FlipChannel), (8 bytes).
    Removing dio.o(.text.Dio_ReadPort), (140 bytes).
    Removing dio.o(.ARM.exidx.text.Dio_ReadPort), (8 bytes).
    Removing dio.o(.text.Dio_WritePort), (138 bytes).
    Removing dio.o(.ARM.exidx.text.Dio_WritePort), (8 bytes).
    Removing dio.o(.bss.Dio_Ports), (4 bytes).
    Removing gptm.o(.text), (0 bytes).
    Removing gptm.o(.ARM.exidx.text.Gpt_init), (8 bytes).
    Removing gptm.o(.ARM.exidx.text.Gpt_DisableNotification), (8 bytes).
    Removing gptm.o(.ARM.exidx.text.Gpt_EnableNotification), (8 bytes).
    Removing gptm.o(.ARM.exidx.text.Gpt_StartTimer), (8 bytes).
    Removing gptm.o(.text.Gpt_StopTimer), (488 bytes).
    Removing gptm.o(.ARM.exidx.text.Gpt_StopTimer), (8 bytes).
    Removing gptm.o(.text.Gpt_GetTimerElapsed), (600 bytes).
    Removing gptm.o(.ARM.exidx.text.Gpt_GetTimerElapsed), (8 bytes).
    Removing gptm.o(.text.Gpt_TimerRemaining), (600 bytes).
    Removing gptm.o(.ARM.exidx.text.Gpt_TimerRemaining), (8 bytes).
    Removing gptm.o(.ARM.exidx.text.TIMER0A_Handler), (8 bytes).
    Removing gptm.o(.ARM.exidx.text.TIMER1A_Handler), (8 bytes).
    Removing gptm.o(.ARM.exidx.text.TIMER2A_Handler), (8 bytes).
    Removing intctrl.o(.text), (0 bytes).
    Removing intctrl.o(.ARM.exidx.text.IntCtrl_init), (8 bytes).
    Removing port.o(.text), (0 bytes).
    Removing port.o(.ARM.exidx.text.Port_Init), (8 bytes).
    Removing dio_pbcfg.o(.text), (0 bytes).
    Removing gpt_lcfg.o(.text), (0 bytes).
    Removing intctrl_lcfg.o(.text), (0 bytes).
    Removing port_lcfg.o(.text), (0 bytes).
    Removing system_tm4c123.o(.text), (0 bytes).
    Removing system_tm4c123.o(.text.SystemCoreClockUpdate), (332 bytes).
    Removing system_tm4c123.o(.ARM.exidx.text.SystemCoreClockUpdate), (8 bytes).
    Removing system_tm4c123.o(.text.getOscClk), (360 bytes).
    Removing system_tm4c123.o(.ARM.exidx.text.getOscClk), (8 bytes).
    Removing system_tm4c123.o(.ARM.exidx.text.SystemInit), (8 bytes).
    Removing system_tm4c123.o(.data.SystemCoreClock), (4 bytes).

51 unused section(s) (total 3396 bytes) removed from the image.

==============================================================================

Image Symbol Table

    Local Symbols

    Symbol Name                              Value     Ov Type        Size  Object(Section)

    ../clib/angel/boardlib.s                 0x00000000   Number         0  boardinit1.o ABSOLUTE
    ../clib/angel/boardlib.s                 0x00000000   Number         0  boardinit2.o ABSOLUTE
    ../clib/angel/boardlib.s                 0x00000000   Number         0  boardinit3.o ABSOLUTE
    ../clib/angel/boardlib.s                 0x00000000   Number         0  boardshut.o ABSOLUTE
    ../clib/angel/handlers.s                 0x00000000   Number         0  __scatter_zi.o ABSOLUTE
    ../clib/angel/kernel.s                   0x00000000   Number         0  __rtentry.o ABSOLUTE
    ../clib/angel/kernel.s                   0x00000000   Number         0  __rtentry2.o ABSOLUTE
    ../clib/angel/kernel.s                   0x00000000   Number         0  __rtentry4.o ABSOLUTE
    ../clib/angel/kernel.s                   0x00000000   Number         0  rtexit.o ABSOLUTE
    ../clib/angel/kernel.s                   0x00000000   Number         0  rtexit2.o ABSOLUTE
    ../clib/angel/rt.s                       0x00000000   Number         0  rt_raise.o ABSOLUTE
    ../clib/angel/scatter.s                  0x00000000   Number         0  __scatter.o ABSOLUTE
    ../clib/angel/startup.s                  0x00000000   Number         0  __main.o ABSOLUTE
    ../clib/angel/sys.s                      0x00000000   Number         0  sys_stackheap_outer.o ABSOLUTE
    ../clib/angel/sys.s                      0x00000000   Number         0  libspace.o ABSOLUTE
    ../clib/angel/sys.s                      0x00000000   Number         0  use_no_semi.o ABSOLUTE
    ../clib/angel/sys.s                      0x00000000   Number         0  indicate_semi.o ABSOLUTE
    ../clib/angel/sysapp.c                   0x00000000   Number         0  sys_exit.o ABSOLUTE
    ../clib/angel/sysapp.c                   0x00000000   Number         0  sys_exit_hlt.o ABSOLUTE
    ../clib/angel/sysapp.c                   0x00000000   Number         0  sys_command.o ABSOLUTE
    ../clib/angel/sysapp.c                   0x00000000   Number         0  sys_command_hlt.o ABSOLUTE
    ../clib/angel/sysapp.c                   0x00000000   Number         0  sys_wrch.o ABSOLUTE
    ../clib/angel/sysapp.c                   0x00000000   Number         0  sys_wrch_hlt.o ABSOLUTE
    ../clib/armsys.c                         0x00000000   Number         0  argv_veneer.o ABSOLUTE
    ../clib/armsys.c                         0x00000000   Number         0  argv_veneer.o ABSOLUTE
    ../clib/armsys.c                         0x00000000   Number         0  _get_argv_nomalloc.o ABSOLUTE
    ../clib/armsys.c                         0x00000000   Number         0  no_argv.o ABSOLUTE
    ../clib/heapalloc.c                      0x00000000   Number         0  hrguard.o ABSOLUTE
    ../clib/heapaux.c                        0x00000000   Number         0  heapauxi.o ABSOLUTE
    ../clib/libinit.s                        0x00000000   Number         0  libinit.o ABSOLUTE
    ../clib/libinit.s                        0x00000000   Number         0  libinit2.o ABSOLUTE
    ../clib/libinit.s                        0x00000000   Number         0  libshutdown.o ABSOLUTE
    ../clib/libinit.s                        0x00000000   Number         0  libshutdown2.o ABSOLUTE
    ../clib/signal.c                         0x00000000   Number         0  defsig_rtmem_outer.o ABSOLUTE
    ../clib/signal.c                         0x00000000   Number         0  defsig_rtmem_formal.o ABSOLUTE
    ../clib/signal.c                         0x00000000   Number         0  defsig_exit.o ABSOLUTE
    ../clib/signal.c                         0x00000000   Number         0  defsig_rtmem_inner.o ABSOLUTE
    ../clib/signal.c                         0x00000000   Number         0  __raise.o ABSOLUTE
    ../clib/signal.c                         0x00000000   Number         0  defsig_general.o ABSOLUTE
    ../clib/signal.c                         0x00000000   Number         0  defsig_abrt_inner.o ABSOLUTE
    ../clib/signal.c                         0x00000000   Number         0  defsig_fpe_inner.o ABSOLUTE
    ../clib/signal.c                         0x00000000   Number         0  defsig_rtred_inner.o ABSOLUTE
    ../clib/signal.c                         0x00000000   Number         0  defsig_stak_inner.o ABSOLUTE
    ../clib/signal.c                         0x00000000   Number         0  defsig_pvfn_inner.o ABSOLUTE
    ../clib/signal.c                         0x00000000   Number         0  defsig_cppl_inner.o ABSOLUTE
    ../clib/signal.c                         0x00000000   Number         0  defsig_segv_inner.o ABSOLUTE
    ../clib/signal.c                         0x00000000   Number         0  defsig_other.o ABSOLUTE
    ../clib/signal.s                         0x00000000   Number         0  defsig.o ABSOLUTE
    ../clib/stdlib.c                         0x00000000   Number         0  exit.o ABSOLUTE
    ../fplib/fpinit.s                        0x00000000   Number         0  fpinit.o ABSOLUTE
    App.c                                    0x00000000   Number         0  app.o ABSOLUTE
    Dio.c                                    0x00000000   Number         0  dio.o ABSOLUTE
    Dio_PBcfg.c                              0x00000000   Number         0  dio_pbcfg.o ABSOLUTE
    Gpt_Lcfg.c                               0x00000000   Number         0  gpt_lcfg.o ABSOLUTE
    Gptm.c                                   0x00000000   Number         0  gptm.o ABSOLUTE
    IntCtrl.c                                0x00000000   Number         0  intctrl.o ABSOLUTE
    IntCtrl_Lcfg.c                           0x00000000   Number         0  intctrl_lcfg.o ABSOLUTE
    Led.c                                    0x00000000   Number         0  led.o ABSOLUTE
    Port.c                                   0x00000000   Number         0  port.o ABSOLUTE
    Port_Lcfg.c                              0x00000000   Number         0  port_lcfg.o ABSOLUTE
    RTE\Device\TM4C123GH6PM\startup_TM4C123.s 0x00000000   Number         0  startup_tm4c123.o ABSOLUTE
    dc.s                                     0x00000000   Number         0  dc.o ABSOLUTE
    main.c                                   0x00000000   Number         0  main.o ABSOLUTE
    system_TM4C123.c                         0x00000000   Number         0  system_tm4c123.o ABSOLUTE
    RESET                                    0x00000000   Section      620  startup_tm4c123.o(RESET)
    !!!main                                  0x0000026c   Section        8  __main.o(!!!main)
    !!!scatter                               0x00000274   Section       52  __scatter.o(!!!scatter)
    !!handler_zi                             0x000002a8   Section       28  __scatter_zi.o(!!handler_zi)
    .ARM.Collect$$libinit$$00000000          0x000002c4   Section        2  libinit.o(.ARM.Collect$$libinit$$00000000)
    .ARM.Collect$$libinit$$00000001          0x000002c6   Section        4  libinit2.o(.ARM.Collect$$libinit$$00000001)
    .ARM.Collect$$libinit$$00000004          0x000002ca   Section        0  libinit2.o(.ARM.Collect$$libinit$$00000004)
    .ARM.Collect$$libinit$$0000000A          0x000002ca   Section        0  libinit2.o(.ARM.Collect$$libinit$$0000000A)
    .ARM.Collect$$libinit$$0000000C          0x000002ca   Section        0  libinit2.o(.ARM.Collect$$libinit$$0000000C)
    .ARM.Collect$$libinit$$0000000E          0x000002ca   Section        0  libinit2.o(.ARM.Collect$$libinit$$0000000E)
    .ARM.Collect$$libinit$$00000011          0x000002ca   Section        0  libinit2.o(.ARM.Collect$$libinit$$00000011)
    .ARM.Collect$$libinit$$00000013          0x000002ca   Section        0  libinit2.o(.ARM.Collect$$libinit$$00000013)
    .ARM.Collect$$libinit$$00000015          0x000002ca   Section        0  libinit2.o(.ARM.Collect$$libinit$$00000015)
    .ARM.Collect$$libinit$$00000017          0x000002ca   Section        0  libinit2.o(.ARM.Collect$$libinit$$00000017)
    .ARM.Collect$$libinit$$00000019          0x000002ca   Section        0  libinit2.o(.ARM.Collect$$libinit$$00000019)
    .ARM.Collect$$libinit$$0000001B          0x000002ca   Section        0  libinit2.o(.ARM.Collect$$libinit$$0000001B)
    .ARM.Collect$$libinit$$0000001D          0x000002ca   Section        0  libinit2.o(.ARM.Collect$$libinit$$0000001D)
    .ARM.Collect$$libinit$$0000001F          0x000002ca   Section        0  libinit2.o(.ARM.Collect$$libinit$$0000001F)
    .ARM.Collect$$libinit$$00000021          0x000002ca   Section        0  libinit2.o(.ARM.Collect$$libinit$$00000021)
    .ARM.Collect$$libinit$$00000023          0x000002ca   Section        0  libinit2.o(.ARM.Collect$$libinit$$00000023)
    .ARM.Collect$$libinit$$00000025          0x000002ca   Section        0  libinit2.o(.ARM.Collect$$libinit$$00000025)
    .ARM.Collect$$libinit$$00000027          0x000002ca   Section        8  libinit2.o(.ARM.Collect$$libinit$$00000027)
    .ARM.Collect$$libinit$$0000002E          0x000002d2   Section        0  libinit2.o(.ARM.Collect$$libinit$$0000002E)
    .ARM.Collect$$libinit$$00000030          0x000002d2   Section        0  libinit2.o(.ARM.Collect$$libinit$$00000030)
    .ARM.Collect$$libinit$$00000032          0x000002d2   Section        0  libinit2.o(.ARM.Collect$$libinit$$00000032)
    .ARM.Collect$$libinit$$00000033          0x000002d2   Section        2  libinit2.o(.ARM.Collect$$libinit$$00000033)
    .ARM.Collect$$libshutdown$$00000000      0x000002d4   Section        2  libshutdown.o(.ARM.Collect$$libshutdown$$00000000)
    .ARM.Collect$$libshutdown$$00000002      0x000002d6   Section        0  libshutdown2.o(.ARM.Collect$$libshutdown$$00000002)
    .ARM.Collect$$libshutdown$$00000004      0x000002d6   Section        0  libshutdown2.o(.ARM.Collect$$libshutdown$$00000004)
    .ARM.Collect$$libshutdown$$00000007      0x000002d6   Section        0  libshutdown2.o(.ARM.Collect$$libshutdown$$00000007)
    .ARM.Collect$$libshutdown$$0000000A      0x000002d6   Section        0  libshutdown2.o(.ARM.Collect$$libshutdown$$0000000A)
    .ARM.Collect$$libshutdown$$0000000C      0x000002d6   Section        0  libshutdown2.o(.ARM.Collect$$libshutdown$$0000000C)
    .ARM.Collect$$libshutdown$$0000000F      0x000002d6   Section        0  libshutdown2.o(.ARM.Collect$$libshutdown$$0000000F)
    .ARM.Collect$$libshutdown$$00000010      0x000002d6   Section        2  libshutdown2.o(.ARM.Collect$$libshutdown$$00000010)
    .ARM.Collect$$rtentry$$00000000          0x000002d8   Section        0  __rtentry.o(.ARM.Collect$$rtentry$$00000000)
    .ARM.Collect$$rtentry$$00000002          0x000002d8   Section        0  __rtentry2.o(.ARM.Collect$$rtentry$$00000002)
    .ARM.Collect$$rtentry$$00000004          0x000002d8   Section        6  __rtentry4.o(.ARM.Collect$$rtentry$$00000004)
    .ARM.Collect$$rtentry$$00000009          0x000002de   Section        0  __rtentry2.o(.ARM.Collect$$rtentry$$00000009)
    .ARM.Collect$$rtentry$$0000000A          0x000002de   Section        4  __rtentry2.o(.ARM.Collect$$rtentry$$0000000A)
    .ARM.Collect$$rtentry$$0000000C          0x000002e2   Section        0  __rtentry2.o(.ARM.Collect$$rtentry$$0000000C)
    .ARM.Collect$$rtentry$$0000000D          0x000002e2   Section        8  __rtentry2.o(.ARM.Collect$$rtentry$$0000000D)
    .ARM.Collect$$rtexit$$00000000           0x000002ea   Section        2  rtexit.o(.ARM.Collect$$rtexit$$00000000)
    .ARM.Collect$$rtexit$$00000002           0x000002ec   Section        0  rtexit2.o(.ARM.Collect$$rtexit$$00000002)
    .ARM.Collect$$rtexit$$00000003           0x000002ec   Section        4  rtexit2.o(.ARM.Collect$$rtexit$$00000003)
    .ARM.Collect$$rtexit$$00000004           0x000002f0   Section        6  rtexit2.o(.ARM.Collect$$rtexit$$00000004)
    .emb_text                                0x000002f8   Section        4  argv_veneer.o(.emb_text)
    $v0                                      0x000002fc   Number         0  startup_tm4c123.o(.text)
    .text                                    0x000002fc   Section      276  startup_tm4c123.o(.text)
    .text                                    0x00000410   Section        0  heapauxi.o(.text)
    .text                                    0x00000416   Section       74  sys_stackheap_outer.o(.text)
    .text                                    0x00000460   Section        0  exit.o(.text)
    .text                                    0x00000474   Section        8  libspace.o(.text)
    .text                                    0x0000047c   Section        0  sys_exit.o(.text)
    .text                                    0x00000488   Section        0  _get_argv_nomalloc.o(.text)
    .text                                    0x000005b6   Section        0  sys_command.o(.text)
    .text                                    0x000005ce   Section        2  use_no_semi.o(.text)
    .text                                    0x000005d0   Section        0  indicate_semi.o(.text)
    .text                                    0x000005d0   Section        0  hrguard.o(.text)
    .text                                    0x000005d4   Section        0  defsig_rtmem_outer.o(.text)
    .text                                    0x000005e2   Section        0  defsig_exit.o(.text)
    .text                                    0x000005ec   Section        0  defsig_rtmem_inner.o(.text)
    .text                                    0x0000063c   Section        0  defsig_general.o(.text)
    .text                                    0x0000066e   Section        0  sys_wrch.o(.text)
    [Anonymous Symbol]                       0x0000067c   Section        0  app.o(.text.App_Start)
    [Anonymous Symbol]                       0x00000704   Section        0  dio.o(.text.Dio_Init)
    [Anonymous Symbol]                       0x00000724   Section        0  dio.o(.text.Dio_WriteChannel)
    [Anonymous Symbol]                       0x00000808   Section        0  gptm.o(.text.Gpt_DisableNotification)
    [Anonymous Symbol]                       0x000009a8   Section        0  gptm.o(.text.Gpt_EnableNotification)
    [Anonymous Symbol]                       0x00000b4c   Section        0  gptm.o(.text.Gpt_StartTimer)
    [Anonymous Symbol]                       0x00000da0   Section        0  gptm.o(.text.Gpt_init)
    [Anonymous Symbol]                       0x000014b0   Section        0  app.o(.text.Init_Drivers)
    [Anonymous Symbol]                       0x000014fc   Section        0  intctrl.o(.text.IntCtrl_init)
    [Anonymous Symbol]                       0x000016f8   Section        0  led.o(.text.LED_OFF)
    [Anonymous Symbol]                       0x00001748   Section        0  led.o(.text.LED_ON)
    [Anonymous Symbol]                       0x00001794   Section        0  port.o(.text.Port_Init)
    [Anonymous Symbol]                       0x00001f50   Section        0  system_tm4c123.o(.text.SystemInit)
    __tagsym$$used.0                         0x0000205c   Number         0  gptm.o(.text.TIMER0A_Handler)
    [Anonymous Symbol]                       0x0000205c   Section        0  gptm.o(.text.TIMER0A_Handler)
    __tagsym$$used.1                         0x00002094   Number         0  gptm.o(.text.TIMER1A_Handler)
    [Anonymous Symbol]                       0x00002094   Section        0  gptm.o(.text.TIMER1A_Handler)
    __tagsym$$used.2                         0x000020cc   Number         0  gptm.o(.text.TIMER2A_Handler)
    [Anonymous Symbol]                       0x000020cc   Section        0  gptm.o(.text.TIMER2A_Handler)
    [Anonymous Symbol]                       0x00002104   Section        0  app.o(.text.Time_Sec)
    [Anonymous Symbol]                       0x0000211c   Section        0  app.o(.text.Timer0A_ISR)
    [Anonymous Symbol]                       0x0000212c   Section        0  main.o(.text.main)
    $v0                                      0x00002140   Number         0  fpinit.o(x$fpl$fpinit)
    x$fpl$fpinit                             0x00002140   Section       26  fpinit.o(x$fpl$fpinit)
    .bss                                     0x20000000   Section       96  libspace.o(.bss)
    Dio_PortChannels                         0x20000060   Data           4  dio.o(.bss.Dio_PortChannels)
    [Anonymous Symbol]                       0x20000060   Section        0  dio.o(.bss.Dio_PortChannels)
    Dio_Status                               0x20000064   Data           1  dio.o(.bss.Dio_Status)
    [Anonymous Symbol]                       0x20000064   Section        0  dio.o(.bss.Dio_Status)
    GptNotification                          0x20000068   Data           4  gptm.o(.bss.GptNotification)
    [Anonymous Symbol]                       0x20000068   Section        0  gptm.o(.bss.GptNotification)
    Gpt_Configuration                        0x2000006c   Data           4  gptm.o(.bss.Gpt_Configuration)
    [Anonymous Symbol]                       0x2000006c   Section        0  gptm.o(.bss.Gpt_Configuration)
    Gpt_Status                               0x20000070   Data           1  gptm.o(.bss.Gpt_Status)
    [Anonymous Symbol]                       0x20000070   Section        0  gptm.o(.bss.Gpt_Status)
    IntCtrl_Configuration                    0x20000074   Data           4  intctrl.o(.bss.IntCtrl_Configuration)
    [Anonymous Symbol]                       0x20000074   Section        0  intctrl.o(.bss.IntCtrl_Configuration)
    IntCtrl_Status                           0x20000078   Data           1  intctrl.o(.bss.IntCtrl_Status)
    [Anonymous Symbol]                       0x20000078   Section        0  intctrl.o(.bss.IntCtrl_Status)
    LedState                                 0x20000079   Data           1  app.o(.bss.LedState)
    [Anonymous Symbol]                       0x20000079   Section        0  app.o(.bss.LedState)
    Port_Configuration                       0x2000007c   Data           4  port.o(.bss.Port_Configuration)
    [Anonymous Symbol]                       0x2000007c   Section        0  port.o(.bss.Port_Configuration)
    Port_Status                              0x20000080   Data           1  port.o(.bss.Port_Status)
    [Anonymous Symbol]                       0x20000080   Section        0  port.o(.bss.Port_Status)
    TICKS                                    0x20000081   Data           1  app.o(.bss.TICKS)
    [Anonymous Symbol]                       0x20000081   Section        0  app.o(.bss.TICKS)
    Heap_Mem                                 0x20000088   Data           0  startup_tm4c123.o(HEAP)
    Stack_Mem                                0x20000088   Data         512  startup_tm4c123.o(STACK)
    HEAP                                     0x20000088   Section        0  startup_tm4c123.o(HEAP)
    STACK                                    0x20000088   Section      512  startup_tm4c123.o(STACK)
    __initial_sp                             0x20000288   Data           0  startup_tm4c123.o(STACK)

    Global Symbols

    Symbol Name                              Value     Ov Type        Size  Object(Section)

    BuildAttributes$$THM_ISAv4$E$P$D$K$B$S$7EM$VFPi3$EXTD16$VFPS$VFMA$PE$A:L22UL41UL21$X:L11$S22US41US21$IEEE1$IW$~IW$USESV6$~STKCKD$USESV7$~SHL$OSPACE$ROPI$EBA8$UX$STANDARDLIB$REQ8$PRES8$EABIv2 0x00000000   Number         0  anon$$obj.o ABSOLUTE
    __Vectors                                0x00000000   Data           4  startup_tm4c123.o(RESET)
    __ARM_exceptions_init                     - Undefined Weak Reference
    __alloca_initialize                       - Undefined Weak Reference
    __arm_preinit_                            - Undefined Weak Reference
    __cpp_initialize__aeabi_                  - Undefined Weak Reference
    __cxa_finalize                            - Undefined Weak Reference
    __rt_locale                               - Undefined Weak Reference
    __sigvec_lookup                           - Undefined Weak Reference
    _atexit_init                              - Undefined Weak Reference
    _call_atexit_fns                          - Undefined Weak Reference
    _clock_init                               - Undefined Weak Reference
    _fp_trap_init                             - Undefined Weak Reference
    _fp_trap_shutdown                         - Undefined Weak Reference
    _get_lc_collate                           - Undefined Weak Reference
    _get_lc_ctype                             - Undefined Weak Reference
    _get_lc_monetary                          - Undefined Weak Reference
    _get_lc_numeric                           - Undefined Weak Reference
    _get_lc_time                              - Undefined Weak Reference
    _getenv_init                              - Undefined Weak Reference
    _handle_redirection                       - Undefined Weak Reference
    _init_alloc                               - Undefined Weak Reference
    _init_user_alloc                          - Undefined Weak Reference
    _initio                                   - Undefined Weak Reference
    _rand_init                                - Undefined Weak Reference
    _signal_finish                            - Undefined Weak Reference
    _signal_init                              - Undefined Weak Reference
    _terminate_alloc                          - Undefined Weak Reference
    _terminate_user_alloc                     - Undefined Weak Reference
    _terminateio                              - Undefined Weak Reference
    __Vectors_End                            0x0000026c   Data           0  startup_tm4c123.o(RESET)
    __Vectors_Size                           0x0000026c   Number         0  startup_tm4c123.o ABSOLUTE
    __main                                   0x0000026d   Thumb Code     8  __main.o(!!!main)
    __scatterload                            0x00000275   Thumb Code     0  __scatter.o(!!!scatter)
    __scatterload_rt2                        0x00000275   Thumb Code    44  __scatter.o(!!!scatter)
    __scatterload_rt2_thumb_only             0x00000275   Thumb Code     0  __scatter.o(!!!scatter)
    __scatterload_null                       0x00000283   Thumb Code     0  __scatter.o(!!!scatter)
    __scatterload_zeroinit                   0x000002a9   Thumb Code    28  __scatter_zi.o(!!handler_zi)
    __rt_lib_init                            0x000002c5   Thumb Code     0  libinit.o(.ARM.Collect$$libinit$$00000000)
    __rt_lib_init_fp_1                       0x000002c7   Thumb Code     0  libinit2.o(.ARM.Collect$$libinit$$00000001)
    __rt_lib_init_argv_1                     0x000002cb   Thumb Code     0  libinit2.o(.ARM.Collect$$libinit$$00000027)
    __rt_lib_init_atexit_1                   0x000002cb   Thumb Code     0  libinit2.o(.ARM.Collect$$libinit$$0000001B)
    __rt_lib_init_clock_1                    0x000002cb   Thumb Code     0  libinit2.o(.ARM.Collect$$libinit$$00000021)
    __rt_lib_init_fp_trap_1                  0x000002cb   Thumb Code     0  libinit2.o(.ARM.Collect$$libinit$$0000001F)
    __rt_lib_init_getenv_1                   0x000002cb   Thumb Code     0  libinit2.o(.ARM.Collect$$libinit$$00000023)
    __rt_lib_init_heap_1                     0x000002cb   Thumb Code     0  libinit2.o(.ARM.Collect$$libinit$$0000000A)
    __rt_lib_init_heapregion_libspace_used   0x000002cb   Thumb Code     0  libinit2.o(.ARM.Collect$$libinit$$00000027)
    __rt_lib_init_lc_collate_1               0x000002cb   Thumb Code     0  libinit2.o(.ARM.Collect$$libinit$$00000011)
    __rt_lib_init_lc_ctype_1                 0x000002cb   Thumb Code     0  libinit2.o(.ARM.Collect$$libinit$$00000013)
    __rt_lib_init_lc_monetary_1              0x000002cb   Thumb Code     0  libinit2.o(.ARM.Collect$$libinit$$00000015)
    __rt_lib_init_lc_numeric_1               0x000002cb   Thumb Code     0  libinit2.o(.ARM.Collect$$libinit$$00000017)
    __rt_lib_init_lc_time_1                  0x000002cb   Thumb Code     0  libinit2.o(.ARM.Collect$$libinit$$00000019)
    __rt_lib_init_preinit_1                  0x000002cb   Thumb Code     0  libinit2.o(.ARM.Collect$$libinit$$00000004)
    __rt_lib_init_rand_1                     0x000002cb   Thumb Code     0  libinit2.o(.ARM.Collect$$libinit$$0000000E)
    __rt_lib_init_signal_1                   0x000002cb   Thumb Code     0  libinit2.o(.ARM.Collect$$libinit$$0000001D)
    __rt_lib_init_stdio_1                    0x000002cb   Thumb Code     0  libinit2.o(.ARM.Collect$$libinit$$00000025)
    __rt_lib_init_user_alloc_1               0x000002cb   Thumb Code     0  libinit2.o(.ARM.Collect$$libinit$$0000000C)
    __rt_lib_init_alloca_1                   0x000002d3   Thumb Code     0  libinit2.o(.ARM.Collect$$libinit$$0000002E)
    __rt_lib_init_cpp_1                      0x000002d3   Thumb Code     0  libinit2.o(.ARM.Collect$$libinit$$00000032)
    __rt_lib_init_exceptions_1               0x000002d3   Thumb Code     0  libinit2.o(.ARM.Collect$$libinit$$00000030)
    __rt_lib_init_return                     0x000002d3   Thumb Code     0  libinit2.o(.ARM.Collect$$libinit$$00000033)
    __rt_lib_shutdown                        0x000002d5   Thumb Code     0  libshutdown.o(.ARM.Collect$$libshutdown$$00000000)
    __rt_lib_shutdown_cpp_1                  0x000002d7   Thumb Code     0  libshutdown2.o(.ARM.Collect$$libshutdown$$00000002)
    __rt_lib_shutdown_fp_trap_1              0x000002d7   Thumb Code     0  libshutdown2.o(.ARM.Collect$$libshutdown$$00000007)
    __rt_lib_shutdown_heap_1                 0x000002d7   Thumb Code     0  libshutdown2.o(.ARM.Collect$$libshutdown$$0000000F)
    __rt_lib_shutdown_return                 0x000002d7   Thumb Code     0  libshutdown2.o(.ARM.Collect$$libshutdown$$00000010)
    __rt_lib_shutdown_signal_1               0x000002d7   Thumb Code     0  libshutdown2.o(.ARM.Collect$$libshutdown$$0000000A)
    __rt_lib_shutdown_stdio_1                0x000002d7   Thumb Code     0  libshutdown2.o(.ARM.Collect$$libshutdown$$00000004)
    __rt_lib_shutdown_user_alloc_1           0x000002d7   Thumb Code     0  libshutdown2.o(.ARM.Collect$$libshutdown$$0000000C)
    __rt_entry                               0x000002d9   Thumb Code     0  __rtentry.o(.ARM.Collect$$rtentry$$00000000)
    __rt_entry_presh_1                       0x000002d9   Thumb Code     0  __rtentry2.o(.ARM.Collect$$rtentry$$00000002)
    __rt_entry_sh                            0x000002d9   Thumb Code     0  __rtentry4.o(.ARM.Collect$$rtentry$$00000004)
    __rt_entry_li                            0x000002df   Thumb Code     0  __rtentry2.o(.ARM.Collect$$rtentry$$0000000A)
    __rt_entry_postsh_1                      0x000002df   Thumb Code     0  __rtentry2.o(.ARM.Collect$$rtentry$$00000009)
    __rt_entry_main                          0x000002e3   Thumb Code     0  __rtentry2.o(.ARM.Collect$$rtentry$$0000000D)
    __rt_entry_postli_1                      0x000002e3   Thumb Code     0  __rtentry2.o(.ARM.Collect$$rtentry$$0000000C)
    __rt_exit                                0x000002eb   Thumb Code     0  rtexit.o(.ARM.Collect$$rtexit$$00000000)
    __rt_exit_ls                             0x000002ed   Thumb Code     0  rtexit2.o(.ARM.Collect$$rtexit$$00000003)
    __rt_exit_prels_1                        0x000002ed   Thumb Code     0  rtexit2.o(.ARM.Collect$$rtexit$$00000002)
    __rt_exit_exit                           0x000002f1   Thumb Code     0  rtexit2.o(.ARM.Collect$$rtexit$$00000004)
    __ARM_argv_veneer                        0x000002f9   Thumb Code     4  argv_veneer.o(.emb_text)
    Reset_Handler                            0x000002fd   Thumb Code     8  startup_tm4c123.o(.text)
    NMI_Handler                              0x00000305   Thumb Code     2  startup_tm4c123.o(.text)
    HardFault_Handler                        0x00000307   Thumb Code     2  startup_tm4c123.o(.text)
    MemManage_Handler                        0x00000309   Thumb Code     2  startup_tm4c123.o(.text)
    BusFault_Handler                         0x0000030b   Thumb Code     2  startup_tm4c123.o(.text)
    UsageFault_Handler                       0x0000030d   Thumb Code     2  startup_tm4c123.o(.text)
    SVC_Handler                              0x0000030f   Thumb Code     2  startup_tm4c123.o(.text)
    DebugMon_Handler                         0x00000311   Thumb Code     2  startup_tm4c123.o(.text)
    PendSV_Handler                           0x00000313   Thumb Code     2  startup_tm4c123.o(.text)
    SysTick_Handler                          0x00000315   Thumb Code     2  startup_tm4c123.o(.text)
    GPIOA_Handler                            0x00000317   Thumb Code     2  startup_tm4c123.o(.text)
    GPIOB_Handler                            0x00000319   Thumb Code     2  startup_tm4c123.o(.text)
    GPIOC_Handler                            0x0000031b   Thumb Code     2  startup_tm4c123.o(.text)
    GPIOD_Handler                            0x0000031d   Thumb Code     2  startup_tm4c123.o(.text)
    GPIOE_Handler                            0x0000031f   Thumb Code     2  startup_tm4c123.o(.text)
    UART0_Handler                            0x00000321   Thumb Code     2  startup_tm4c123.o(.text)
    UART1_Handler                            0x00000323   Thumb Code     2  startup_tm4c123.o(.text)
    SSI0_Handler                             0x00000325   Thumb Code     2  startup_tm4c123.o(.text)
    I2C0_Handler                             0x00000327   Thumb Code     2  startup_tm4c123.o(.text)
    PMW0_FAULT_Handler                       0x00000329   Thumb Code     2  startup_tm4c123.o(.text)
    PWM0_0_Handler                           0x0000032b   Thumb Code     2  startup_tm4c123.o(.text)
    PWM0_1_Handler                           0x0000032d   Thumb Code     2  startup_tm4c123.o(.text)
    PWM0_2_Handler                           0x0000032f   Thumb Code     2  startup_tm4c123.o(.text)
    QEI0_Handler                             0x00000331   Thumb Code     2  startup_tm4c123.o(.text)
    ADC0SS0_Handler                          0x00000333   Thumb Code     2  startup_tm4c123.o(.text)
    ADC0SS1_Handler                          0x00000335   Thumb Code     2  startup_tm4c123.o(.text)
    ADC0SS2_Handler                          0x00000337   Thumb Code     2  startup_tm4c123.o(.text)
    ADC0SS3_Handler                          0x00000339   Thumb Code     2  startup_tm4c123.o(.text)
    WDT0_Handler                             0x0000033b   Thumb Code     2  startup_tm4c123.o(.text)
    TIMER0B_Handler                          0x0000033f   Thumb Code     2  startup_tm4c123.o(.text)
    TIMER1B_Handler                          0x00000343   Thumb Code     2  startup_tm4c123.o(.text)
    TIMER2B_Handler                          0x00000347   Thumb Code     2  startup_tm4c123.o(.text)
    COMP0_Handler                            0x00000349   Thumb Code     2  startup_tm4c123.o(.text)
    COMP1_Handler                            0x0000034b   Thumb Code     2  startup_tm4c123.o(.text)
    COMP2_Handler                            0x0000034d   Thumb Code     2  startup_tm4c123.o(.text)
    SYSCTL_Handler                           0x0000034f   Thumb Code     2  startup_tm4c123.o(.text)
    FLASH_Handler                            0x00000351   Thumb Code     2  startup_tm4c123.o(.text)
    GPIOF_Handler                            0x00000353   Thumb Code     2  startup_tm4c123.o(.text)
    GPIOG_Handler                            0x00000355   Thumb Code     2  startup_tm4c123.o(.text)
    GPIOH_Handler                            0x00000357   Thumb Code     2  startup_tm4c123.o(.text)
    UART2_Handler                            0x00000359   Thumb Code     2  startup_tm4c123.o(.text)
    SSI1_Handler                             0x0000035b   Thumb Code     2  startup_tm4c123.o(.text)
    TIMER3A_Handler                          0x0000035d   Thumb Code     2  startup_tm4c123.o(.text)
    TIMER3B_Handler                          0x0000035f   Thumb Code     2  startup_tm4c123.o(.text)
    I2C1_Handler                             0x00000361   Thumb Code     2  startup_tm4c123.o(.text)
    QEI1_Handler                             0x00000363   Thumb Code     2  startup_tm4c123.o(.text)
    CAN0_Handler                             0x00000365   Thumb Code     2  startup_tm4c123.o(.text)
    CAN1_Handler                             0x00000367   Thumb Code     2  startup_tm4c123.o(.text)
    CAN2_Handler                             0x00000369   Thumb Code     2  startup_tm4c123.o(.text)
    HIB_Handler                              0x0000036b   Thumb Code     2  startup_tm4c123.o(.text)
    USB0_Handler                             0x0000036d   Thumb Code     2  startup_tm4c123.o(.text)
    PWM0_3_Handler                           0x0000036f   Thumb Code     2  startup_tm4c123.o(.text)
    UDMA_Handler                             0x00000371   Thumb Code     2  startup_tm4c123.o(.text)
    UDMAERR_Handler                          0x00000373   Thumb Code     2  startup_tm4c123.o(.text)
    ADC1SS0_Handler                          0x00000375   Thumb Code     2  startup_tm4c123.o(.text)
    ADC1SS1_Handler                          0x00000377   Thumb Code     2  startup_tm4c123.o(.text)
    ADC1SS2_Handler                          0x00000379   Thumb Code     2  startup_tm4c123.o(.text)
    ADC1SS3_Handler                          0x0000037b   Thumb Code     2  startup_tm4c123.o(.text)
    GPIOJ_Handler                            0x0000037d   Thumb Code     2  startup_tm4c123.o(.text)
    GPIOK_Handler                            0x0000037f   Thumb Code     2  startup_tm4c123.o(.text)
    GPIOL_Handler                            0x00000381   Thumb Code     2  startup_tm4c123.o(.text)
    SSI2_Handler                             0x00000383   Thumb Code     2  startup_tm4c123.o(.text)
    SSI3_Handler                             0x00000385   Thumb Code     2  startup_tm4c123.o(.text)
    UART3_Handler                            0x00000387   Thumb Code     2  startup_tm4c123.o(.text)
    UART4_Handler                            0x00000389   Thumb Code     2  startup_tm4c123.o(.text)
    UART5_Handler                            0x0000038b   Thumb Code     2  startup_tm4c123.o(.text)
    UART6_Handler                            0x0000038d   Thumb Code     2  startup_tm4c123.o(.text)
    UART7_Handler                            0x0000038f   Thumb Code     2  startup_tm4c123.o(.text)
    I2C2_Handler                             0x00000391   Thumb Code     2  startup_tm4c123.o(.text)
    I2C3_Handler                             0x00000393   Thumb Code     2  startup_tm4c123.o(.text)
    TIMER4A_Handler                          0x00000395   Thumb Code     2  startup_tm4c123.o(.text)
    TIMER4B_Handler                          0x00000397   Thumb Code     2  startup_tm4c123.o(.text)
    TIMER5A_Handler                          0x00000399   Thumb Code     2  startup_tm4c123.o(.text)
    TIMER5B_Handler                          0x0000039b   Thumb Code     2  startup_tm4c123.o(.text)
    WTIMER0A_Handler                         0x0000039d   Thumb Code     2  startup_tm4c123.o(.text)
    WTIMER0B_Handler                         0x0000039f   Thumb Code     2  startup_tm4c123.o(.text)
    WTIMER1A_Handler                         0x000003a1   Thumb Code     2  startup_tm4c123.o(.text)
    WTIMER1B_Handler                         0x000003a3   Thumb Code     2  startup_tm4c123.o(.text)
    WTIMER2A_Handler                         0x000003a5   Thumb Code     2  startup_tm4c123.o(.text)
    WTIMER2B_Handler                         0x000003a7   Thumb Code     2  startup_tm4c123.o(.text)
    WTIMER3A_Handler                         0x000003a9   Thumb Code     2  startup_tm4c123.o(.text)
    WTIMER3B_Handler                         0x000003ab   Thumb Code     2  startup_tm4c123.o(.text)
    WTIMER4A_Handler                         0x000003ad   Thumb Code     2  startup_tm4c123.o(.text)
    WTIMER4B_Handler                         0x000003af   Thumb Code     2  startup_tm4c123.o(.text)
    WTIMER5A_Handler                         0x000003b1   Thumb Code     2  startup_tm4c123.o(.text)
    WTIMER5B_Handler                         0x000003b3   Thumb Code     2  startup_tm4c123.o(.text)
    FPU_Handler                              0x000003b5   Thumb Code     2  startup_tm4c123.o(.text)
    I2C4_Handler                             0x000003b7   Thumb Code     2  startup_tm4c123.o(.text)
    I2C5_Handler                             0x000003b9   Thumb Code     2  startup_tm4c123.o(.text)
    GPIOM_Handler                            0x000003bb   Thumb Code     2  startup_tm4c123.o(.text)
    GPION_Handler                            0x000003bd   Thumb Code     2  startup_tm4c123.o(.text)
    QEI2_Handler                             0x000003bf   Thumb Code     2  startup_tm4c123.o(.text)
    GPIOP0_Handler                           0x000003c1   Thumb Code     2  startup_tm4c123.o(.text)
    GPIOP1_Handler                           0x000003c3   Thumb Code     2  startup_tm4c123.o(.text)
    GPIOP2_Handler                           0x000003c5   Thumb Code     2  startup_tm4c123.o(.text)
    GPIOP3_Handler                           0x000003c7   Thumb Code     2  startup_tm4c123.o(.text)
    GPIOP4_Handler                           0x000003c9   Thumb Code     2  startup_tm4c123.o(.text)
    GPIOP5_Handler                           0x000003cb   Thumb Code     2  startup_tm4c123.o(.text)
    GPIOP6_Handler                           0x000003cd   Thumb Code     2  startup_tm4c123.o(.text)
    GPIOP7_Handler                           0x000003cf   Thumb Code     2  startup_tm4c123.o(.text)
    GPIOQ0_Handler                           0x000003d1   Thumb Code     2  startup_tm4c123.o(.text)
    GPIOQ1_Handler                           0x000003d3   Thumb Code     2  startup_tm4c123.o(.text)
    GPIOQ2_Handler                           0x000003d5   Thumb Code     2  startup_tm4c123.o(.text)
    GPIOQ3_Handler                           0x000003d7   Thumb Code     2  startup_tm4c123.o(.text)
    GPIOQ4_Handler                           0x000003d9   Thumb Code     2  startup_tm4c123.o(.text)
    GPIOQ5_Handler                           0x000003db   Thumb Code     2  startup_tm4c123.o(.text)
    GPIOQ6_Handler                           0x000003dd   Thumb Code     2  startup_tm4c123.o(.text)
    GPIOQ7_Handler                           0x000003df   Thumb Code     2  startup_tm4c123.o(.text)
    GPIOR_Handler                            0x000003e1   Thumb Code     2  startup_tm4c123.o(.text)
    GPIOS_Handler                            0x000003e3   Thumb Code     2  startup_tm4c123.o(.text)
    PMW1_0_Handler                           0x000003e5   Thumb Code     2  startup_tm4c123.o(.text)
    PWM1_1_Handler                           0x000003e7   Thumb Code     2  startup_tm4c123.o(.text)
    PWM1_2_Handler                           0x000003e9   Thumb Code     2  startup_tm4c123.o(.text)
    PWM1_3_Handler                           0x000003eb   Thumb Code     2  startup_tm4c123.o(.text)
    PWM1_FAULT_Handler                       0x000003ed   Thumb Code     2  startup_tm4c123.o(.text)
    __user_initial_stackheap                 0x000003f1   Thumb Code     0  startup_tm4c123.o(.text)
    __use_two_region_memory                  0x00000411   Thumb Code     2  heapauxi.o(.text)
    __rt_heap_escrow$2region                 0x00000413   Thumb Code     2  heapauxi.o(.text)
    __rt_heap_expand$2region                 0x00000415   Thumb Code     2  heapauxi.o(.text)
    __user_setup_stackheap                   0x00000417   Thumb Code    74  sys_stackheap_outer.o(.text)
    exit                                     0x00000461   Thumb Code    18  exit.o(.text)
    __user_libspace                          0x00000475   Thumb Code     8  libspace.o(.text)
    __user_perproc_libspace                  0x00000475   Thumb Code     0  libspace.o(.text)
    __user_perthread_libspace                0x00000475   Thumb Code     0  libspace.o(.text)
    _sys_exit                                0x0000047d   Thumb Code     8  sys_exit.o(.text)
    __argv_alloc                             0x00000489   Thumb Code    34  _get_argv_nomalloc.o(.text)
    __ARM_get_argv                           0x000004ab   Thumb Code   268  _get_argv_nomalloc.o(.text)
    _sys_command_string                      0x000005b7   Thumb Code    24  sys_command.o(.text)
    __I$use$semihosting                      0x000005cf   Thumb Code     0  use_no_semi.o(.text)
    __use_no_semihosting_swi                 0x000005cf   Thumb Code     2  use_no_semi.o(.text)
    __semihosting_library_function           0x000005d1   Thumb Code     0  indicate_semi.o(.text)
    __use_no_heap_region                     0x000005d1   Thumb Code     2  hrguard.o(.text)
    __heap_region$guard                      0x000005d3   Thumb Code     2  hrguard.o(.text)
    __rt_SIGRTMEM                            0x000005d5   Thumb Code    14  defsig_rtmem_outer.o(.text)
    __sig_exit                               0x000005e3   Thumb Code    10  defsig_exit.o(.text)
    __rt_SIGRTMEM_inner                      0x000005ed   Thumb Code    22  defsig_rtmem_inner.o(.text)
    __default_signal_display                 0x0000063d   Thumb Code    50  defsig_general.o(.text)
    _ttywrch                                 0x0000066f   Thumb Code    14  sys_wrch.o(.text)
    App_Start                                0x0000067d   Thumb Code   136  app.o(.text.App_Start)
    Dio_Init                                 0x00000705   Thumb Code    32  dio.o(.text.Dio_Init)
    Dio_WriteChannel                         0x00000725   Thumb Code   228  dio.o(.text.Dio_WriteChannel)
    Gpt_DisableNotification                  0x00000809   Thumb Code   416  gptm.o(.text.Gpt_DisableNotification)
    Gpt_EnableNotification                   0x000009a9   Thumb Code   420  gptm.o(.text.Gpt_EnableNotification)
    Gpt_StartTimer                           0x00000b4d   Thumb Code   594  gptm.o(.text.Gpt_StartTimer)
    Gpt_init                                 0x00000da1   Thumb Code  1808  gptm.o(.text.Gpt_init)
    Init_Drivers                             0x000014b1   Thumb Code    76  app.o(.text.Init_Drivers)
    IntCtrl_init                             0x000014fd   Thumb Code   506  intctrl.o(.text.IntCtrl_init)
    LED_OFF                                  0x000016f9   Thumb Code    80  led.o(.text.LED_OFF)
    LED_ON                                   0x00001749   Thumb Code    74  led.o(.text.LED_ON)
    Port_Init                                0x00001795   Thumb Code  1980  port.o(.text.Port_Init)
    SystemInit                               0x00001f51   Thumb Code   268  system_tm4c123.o(.text.SystemInit)
    TIMER0A_Handler                          0x0000205d   Thumb Code    54  gptm.o(.text.TIMER0A_Handler)
    TIMER1A_Handler                          0x00002095   Thumb Code    56  gptm.o(.text.TIMER1A_Handler)
    TIMER2A_Handler                          0x000020cd   Thumb Code    56  gptm.o(.text.TIMER2A_Handler)
    Time_Sec                                 0x00002105   Thumb Code    24  app.o(.text.Time_Sec)
    Timer0A_ISR                              0x0000211d   Thumb Code    16  app.o(.text.Timer0A_ISR)
    main                                     0x0000212d   Thumb Code    20  main.o(.text.main)
    _fp_init                                 0x00002141   Thumb Code    26  fpinit.o(x$fpl$fpinit)
    __fplib_config_fpu_vfp                   0x00002159   Thumb Code     0  fpinit.o(x$fpl$fpinit)
    __fplib_config_pureend_doubles           0x00002159   Thumb Code     0  fpinit.o(x$fpl$fpinit)
    Dio_Configuration                        0x0000215a   Data           6  dio_pbcfg.o(.rodata.Dio_Configuration)
    Gpt_ConfigPtr                            0x00002160   Data          20  gpt_lcfg.o(.rodata.Gpt_ConfigPtr)
    IntCtrl_ConfigPtr                        0x00002174   Data           3  intctrl_lcfg.o(.rodata.IntCtrl_ConfigPtr)
    Port_ConfigPtr                           0x00002177   Data         301  port_lcfg.o(.rodata.Port_ConfigPtr)
    Region$$Table$$Base                      0x000022a4   Number         0  anon$$obj.o(Region$$Table)
    Region$$Table$$Limit                     0x000022b4   Number         0  anon$$obj.o(Region$$Table)
    __libspace_start                         0x20000000   Data          96  libspace.o(.bss)
    __temporary_stack_top$libspace           0x20000060   Data           0  libspace.o(.bss)



==============================================================================

Memory Map of the image

  Image Entry point : 0x000002fd

  Load Region LR_1 (Base: 0x00000000, Size: 0x000022b4, Max: 0xffffffff, ABSOLUTE)

    Execution Region ER_RO (Exec base: 0x00000000, Load base: 0x00000000, Size: 0x000022b4, Max: 0xffffffff, ABSOLUTE)

    Exec Addr    Load Addr    Size         Type   Attr      Idx    E Section Name        Object

    0x00000000   0x00000000   0x0000026c   Data   RO          146    RESET               startup_tm4c123.o
    0x0000026c   0x0000026c   0x00000008   Code   RO          172  * !!!main             c_w.l(__main.o)
    0x00000274   0x00000274   0x00000034   Code   RO          335    !!!scatter          c_w.l(__scatter.o)
    0x000002a8   0x000002a8   0x0000001c   Code   RO          337    !!handler_zi        c_w.l(__scatter_zi.o)
    0x000002c4   0x000002c4   0x00000002   Code   RO          199    .ARM.Collect$$libinit$$00000000  c_w.l(libinit.o)
    0x000002c6   0x000002c6   0x00000004   Code   RO          205    .ARM.Collect$$libinit$$00000001  c_w.l(libinit2.o)
    0x000002ca   0x000002ca   0x00000000   Code   RO          208    .ARM.Collect$$libinit$$00000004  c_w.l(libinit2.o)
    0x000002ca   0x000002ca   0x00000000   Code   RO          211    .ARM.Collect$$libinit$$0000000A  c_w.l(libinit2.o)
    0x000002ca   0x000002ca   0x00000000   Code   RO          213    .ARM.Collect$$libinit$$0000000C  c_w.l(libinit2.o)
    0x000002ca   0x000002ca   0x00000000   Code   RO          215    .ARM.Collect$$libinit$$0000000E  c_w.l(libinit2.o)
    0x000002ca   0x000002ca   0x00000000   Code   RO          218    .ARM.Collect$$libinit$$00000011  c_w.l(libinit2.o)
    0x000002ca   0x000002ca   0x00000000   Code   RO          220    .ARM.Collect$$libinit$$00000013  c_w.l(libinit2.o)
    0x000002ca   0x000002ca   0x00000000   Code   RO          222    .ARM.Collect$$libinit$$00000015  c_w.l(libinit2.o)
    0x000002ca   0x000002ca   0x00000000   Code   RO          224    .ARM.Collect$$libinit$$00000017  c_w.l(libinit2.o)
    0x000002ca   0x000002ca   0x00000000   Code   RO          226    .ARM.Collect$$libinit$$00000019  c_w.l(libinit2.o)
    0x000002ca   0x000002ca   0x00000000   Code   RO          228    .ARM.Collect$$libinit$$0000001B  c_w.l(libinit2.o)
    0x000002ca   0x000002ca   0x00000000   Code   RO          230    .ARM.Collect$$libinit$$0000001D  c_w.l(libinit2.o)
    0x000002ca   0x000002ca   0x00000000   Code   RO          232    .ARM.Collect$$libinit$$0000001F  c_w.l(libinit2.o)
    0x000002ca   0x000002ca   0x00000000   Code   RO          234    .ARM.Collect$$libinit$$00000021  c_w.l(libinit2.o)
    0x000002ca   0x000002ca   0x00000000   Code   RO          236    .ARM.Collect$$libinit$$00000023  c_w.l(libinit2.o)
    0x000002ca   0x000002ca   0x00000000   Code   RO          238    .ARM.Collect$$libinit$$00000025  c_w.l(libinit2.o)
    0x000002ca   0x000002ca   0x00000008   Code   RO          240    .ARM.Collect$$libinit$$00000027  c_w.l(libinit2.o)
    0x000002d2   0x000002d2   0x00000000   Code   RO          244    .ARM.Collect$$libinit$$0000002E  c_w.l(libinit2.o)
    0x000002d2   0x000002d2   0x00000000   Code   RO          246    .ARM.Collect$$libinit$$00000030  c_w.l(libinit2.o)
    0x000002d2   0x000002d2   0x00000000   Code   RO          248    .ARM.Collect$$libinit$$00000032  c_w.l(libinit2.o)
    0x000002d2   0x000002d2   0x00000002   Code   RO          249    .ARM.Collect$$libinit$$00000033  c_w.l(libinit2.o)
    0x000002d4   0x000002d4   0x00000002   Code   RO          271    .ARM.Collect$$libshutdown$$00000000  c_w.l(libshutdown.o)
    0x000002d6   0x000002d6   0x00000000   Code   RO          286    .ARM.Collect$$libshutdown$$00000002  c_w.l(libshutdown2.o)
    0x000002d6   0x000002d6   0x00000000   Code   RO          288    .ARM.Collect$$libshutdown$$00000004  c_w.l(libshutdown2.o)
    0x000002d6   0x000002d6   0x00000000   Code   RO          291    .ARM.Collect$$libshutdown$$00000007  c_w.l(libshutdown2.o)
    0x000002d6   0x000002d6   0x00000000   Code   RO          294    .ARM.Collect$$libshutdown$$0000000A  c_w.l(libshutdown2.o)
    0x000002d6   0x000002d6   0x00000000   Code   RO          296    .ARM.Collect$$libshutdown$$0000000C  c_w.l(libshutdown2.o)
    0x000002d6   0x000002d6   0x00000000   Code   RO          299    .ARM.Collect$$libshutdown$$0000000F  c_w.l(libshutdown2.o)
    0x000002d6   0x000002d6   0x00000002   Code   RO          300    .ARM.Collect$$libshutdown$$00000010  c_w.l(libshutdown2.o)
    0x000002d8   0x000002d8   0x00000000   Code   RO          174    .ARM.Collect$$rtentry$$00000000  c_w.l(__rtentry.o)
    0x000002d8   0x000002d8   0x00000000   Code   RO          176    .ARM.Collect$$rtentry$$00000002  c_w.l(__rtentry2.o)
    0x000002d8   0x000002d8   0x00000006   Code   RO          188    .ARM.Collect$$rtentry$$00000004  c_w.l(__rtentry4.o)
    0x000002de   0x000002de   0x00000000   Code   RO          178    .ARM.Collect$$rtentry$$00000009  c_w.l(__rtentry2.o)
    0x000002de   0x000002de   0x00000004   Code   RO          179    .ARM.Collect$$rtentry$$0000000A  c_w.l(__rtentry2.o)
    0x000002e2   0x000002e2   0x00000000   Code   RO          181    .ARM.Collect$$rtentry$$0000000C  c_w.l(__rtentry2.o)
    0x000002e2   0x000002e2   0x00000008   Code   RO          182    .ARM.Collect$$rtentry$$0000000D  c_w.l(__rtentry2.o)
    0x000002ea   0x000002ea   0x00000002   Code   RO          203    .ARM.Collect$$rtexit$$00000000  c_w.l(rtexit.o)
    0x000002ec   0x000002ec   0x00000000   Code   RO          251    .ARM.Collect$$rtexit$$00000002  c_w.l(rtexit2.o)
    0x000002ec   0x000002ec   0x00000004   Code   RO          252    .ARM.Collect$$rtexit$$00000003  c_w.l(rtexit2.o)
    0x000002f0   0x000002f0   0x00000006   Code   RO          253    .ARM.Collect$$rtexit$$00000004  c_w.l(rtexit2.o)
    0x000002f6   0x000002f6   0x00000002   PAD
    0x000002f8   0x000002f8   0x00000004   Code   RO          257    .emb_text           c_w.l(argv_veneer.o)
    0x000002fc   0x000002fc   0x00000114   Code   RO          147  * .text               startup_tm4c123.o
    0x00000410   0x00000410   0x00000006   Code   RO          170    .text               c_w.l(heapauxi.o)
    0x00000416   0x00000416   0x0000004a   Code   RO          190    .text               c_w.l(sys_stackheap_outer.o)
    0x00000460   0x00000460   0x00000012   Code   RO          192    .text               c_w.l(exit.o)
    0x00000472   0x00000472   0x00000002   PAD
    0x00000474   0x00000474   0x00000008   Code   RO          200    .text               c_w.l(libspace.o)
    0x0000047c   0x0000047c   0x0000000c   Code   RO          261    .text               c_w.l(sys_exit.o)
    0x00000488   0x00000488   0x0000012e   Code   RO          267    .text               c_w.l(_get_argv_nomalloc.o)
    0x000005b6   0x000005b6   0x00000018   Code   RO          272    .text               c_w.l(sys_command.o)
    0x000005ce   0x000005ce   0x00000002   Code   RO          276    .text               c_w.l(use_no_semi.o)
    0x000005d0   0x000005d0   0x00000000   Code   RO          278    .text               c_w.l(indicate_semi.o)
    0x000005d0   0x000005d0   0x00000004   Code   RO          279    .text               c_w.l(hrguard.o)
    0x000005d4   0x000005d4   0x0000000e   Code   RO          281    .text               c_w.l(defsig_rtmem_outer.o)
    0x000005e2   0x000005e2   0x0000000a   Code   RO          303    .text               c_w.l(defsig_exit.o)
    0x000005ec   0x000005ec   0x00000050   Code   RO          305    .text               c_w.l(defsig_rtmem_inner.o)
    0x0000063c   0x0000063c   0x00000032   Code   RO          309    .text               c_w.l(defsig_general.o)
    0x0000066e   0x0000066e   0x0000000e   Code   RO          311    .text               c_w.l(sys_wrch.o)
    0x0000067c   0x0000067c   0x00000088   Code   RO            8    .text.App_Start     app.o
    0x00000704   0x00000704   0x00000020   Code   RO           41    .text.Dio_Init      dio.o
    0x00000724   0x00000724   0x000000e4   Code   RO           45    .text.Dio_WriteChannel  dio.o
    0x00000808   0x00000808   0x000001a0   Code   RO           66    .text.Gpt_DisableNotification  gptm.o
    0x000009a8   0x000009a8   0x000001a4   Code   RO           68    .text.Gpt_EnableNotification  gptm.o
    0x00000b4c   0x00000b4c   0x00000252   Code   RO           70    .text.Gpt_StartTimer  gptm.o
    0x00000d9e   0x00000d9e   0x00000002   PAD
    0x00000da0   0x00000da0   0x00000710   Code   RO           64    .text.Gpt_init      gptm.o
    0x000014b0   0x000014b0   0x0000004c   Code   RO            2    .text.Init_Drivers  app.o
    0x000014fc   0x000014fc   0x000001fa   Code   RO           95    .text.IntCtrl_init  intctrl.o
    0x000016f6   0x000016f6   0x00000002   PAD
    0x000016f8   0x000016f8   0x00000050   Code   RO           22    .text.LED_OFF       led.o
    0x00001748   0x00001748   0x0000004a   Code   RO           20    .text.LED_ON        led.o
    0x00001792   0x00001792   0x00000002   PAD
    0x00001794   0x00001794   0x000007bc   Code   RO          106    .text.Port_Init     port.o
    0x00001f50   0x00001f50   0x0000010c   Code   RO          158    .text.SystemInit    system_tm4c123.o
    0x0000205c   0x0000205c   0x00000036   Code   RO           78    .text.TIMER0A_Handler  gptm.o
    0x00002092   0x00002092   0x00000002   PAD
    0x00002094   0x00002094   0x00000038   Code   RO           80    .text.TIMER1A_Handler  gptm.o
    0x000020cc   0x000020cc   0x00000038   Code   RO           82    .text.TIMER2A_Handler  gptm.o
    0x00002104   0x00002104   0x00000018   Code   RO            6    .text.Time_Sec      app.o
    0x0000211c   0x0000211c   0x00000010   Code   RO            4    .text.Timer0A_ISR   app.o
    0x0000212c   0x0000212c   0x00000014   Code   RO           32    .text.main          main.o
    0x00002140   0x00002140   0x0000001a   Code   RO          259    x$fpl$fpinit        fz_wm.l(fpinit.o)
    0x0000215a   0x0000215a   0x00000006   Data   RO          117    .rodata.Dio_Configuration  dio_pbcfg.o
    0x00002160   0x00002160   0x00000014   Data   RO          124    .rodata.Gpt_ConfigPtr  gpt_lcfg.o
    0x00002174   0x00002174   0x00000003   Data   RO          131    .rodata.IntCtrl_ConfigPtr  intctrl_lcfg.o
    0x00002177   0x00002177   0x0000012d   Data   RO          138    .rodata.Port_ConfigPtr  port_lcfg.o
    0x000022a4   0x000022a4   0x00000010   Data   RO          334    Region$$Table       anon$$obj.o


    Execution Region ER_RW (Exec base: 0x20000000, Load base: 0x000022b4, Size: 0x00000000, Max: 0xffffffff, ABSOLUTE)

    **** No section assigned to this execution region ****


    Execution Region ER_ZI (Exec base: 0x20000000, Load base: 0x000022b4, Size: 0x00000288, Max: 0xffffffff, ABSOLUTE)

    Exec Addr    Load Addr    Size         Type   Attr      Idx    E Section Name        Object

    0x20000000        -       0x00000060   Zero   RW          201    .bss                c_w.l(libspace.o)
    0x20000060        -       0x00000004   Zero   RW           54    .bss.Dio_PortChannels  dio.o
    0x20000064        -       0x00000001   Zero   RW           53    .bss.Dio_Status     dio.o
    0x20000065   0x000022b4   0x00000003   PAD
    0x20000068        -       0x00000004   Zero   RW           86    .bss.GptNotification  gptm.o
    0x2000006c        -       0x00000004   Zero   RW           85    .bss.Gpt_Configuration  gptm.o
    0x20000070        -       0x00000001   Zero   RW           84    .bss.Gpt_Status     gptm.o
    0x20000071   0x000022b4   0x00000003   PAD
    0x20000074        -       0x00000004   Zero   RW           98    .bss.IntCtrl_Configuration  intctrl.o
    0x20000078        -       0x00000001   Zero   RW           97    .bss.IntCtrl_Status  intctrl.o
    0x20000079        -       0x00000001   Zero   RW           11    .bss.LedState       app.o
    0x2000007a   0x000022b4   0x00000002   PAD
    0x2000007c        -       0x00000004   Zero   RW          109    .bss.Port_Configuration  port.o
    0x20000080        -       0x00000001   Zero   RW          108    .bss.Port_Status    port.o
    0x20000081        -       0x00000001   Zero   RW           10    .bss.TICKS          app.o
    0x20000082   0x000022b4   0x00000006   PAD
    0x20000088        -       0x00000000   Zero   RW          145    HEAP                startup_tm4c123.o
    0x20000088        -       0x00000200   Zero   RW          144    STACK               startup_tm4c123.o


==============================================================================

Image component sizes


      Code (inc. data)   RO Data    RW Data    ZI Data      Debug   Object Name

       252          0          0          0          2       1009   app.o
       260          6          0          0          5       2551   dio.o
         0          0          6          0          0        682   dio_pbcfg.o
         0          0         20          0          0       1296   gpt_lcfg.o
      3404         96          0          0          9       7485   gptm.o
       506          8          0          0          5       3593   intctrl.o
         0          0          3          0          0       2832   intctrl_lcfg.o
       154          0          0          0          0        700   led.o
        20          0          0          0          0        354   main.o
      1980          6          0          0          5       2238   port.o
         0          0        301          0          0       1112   port_lcfg.o
       276         24        620          0        512       5464   startup_tm4c123.o
       268          0          0          0          0       6660   system_tm4c123.o

    ----------------------------------------------------------------------
      7128        140        966          0        552      35976   Object Totals
         0          0         16          0          0          0   (incl. Generated)
         8          0          0          0         14          0   (incl. Padding)

    ----------------------------------------------------------------------

      Code (inc. data)   RO Data    RW Data    ZI Data      Debug   Library Member Name

         8          0          0          0          0         68   __main.o
         0          0          0          0          0          0   __rtentry.o
        12          0          0          0          0          0   __rtentry2.o
         6          0          0          0          0          0   __rtentry4.o
        52          8          0          0          0          0   __scatter.o
        28          0          0          0          0          0   __scatter_zi.o
       302          0          0          0          0        168   _get_argv_nomalloc.o
         4          0          0          0          0         68   argv_veneer.o
        10          0          0          0          0         68   defsig_exit.o
        50          0          0          0          0         88   defsig_general.o
        80         58          0          0          0         76   defsig_rtmem_inner.o
        14          0          0          0          0         80   defsig_rtmem_outer.o
        18          0          0          0          0         80   exit.o
         6          0          0          0          0        152   heapauxi.o
         4          0          0          0          0        136   hrguard.o
         0          0          0          0          0          0   indicate_semi.o
         2          0          0          0          0          0   libinit.o
        14          0          0          0          0          0   libinit2.o
         2          0          0          0          0          0   libshutdown.o
         2          0          0          0          0          0   libshutdown2.o
         8          4          0          0         96         68   libspace.o
         2          0          0          0          0          0   rtexit.o
        10          0          0          0          0          0   rtexit2.o
        24          0          0          0          0         76   sys_command.o
        12          4          0          0          0         68   sys_exit.o
        74          0          0          0          0         80   sys_stackheap_outer.o
        14          0          0          0          0         76   sys_wrch.o
         2          0          0          0          0         68   use_no_semi.o
        26          0          0          0          0        116   fpinit.o

    ----------------------------------------------------------------------
       790         74          0          0         96       1536   Library Totals
         4          0          0          0          0          0   (incl. Padding)

    ----------------------------------------------------------------------

      Code (inc. data)   RO Data    RW Data    ZI Data      Debug   Library Name

       760         74          0          0         96       1420   c_w.l
        26          0          0          0          0        116   fz_wm.l

    ----------------------------------------------------------------------
       790         74          0          0         96       1536   Library Totals

    ----------------------------------------------------------------------

==============================================================================


      Code (inc. data)   RO Data    RW Data    ZI Data      Debug   

      7918        214        966          0        648      36656   Grand Totals
      7918        214        966          0        648      36656   ELF Image Totals
      7918        214        966          0          0          0   ROM Totals

==============================================================================

    Total RO  Size (Code + RO Data)                 8884 (   8.68kB)
    Total RW  Size (RW Data + ZI Data)               648 (   0.63kB)
    Total ROM Size (Code + RO Data + RW Data)       8884 (   8.68kB)

==============================================================================

